<CONNECT 1>
------------------------------------------------------------------
[Connect]
------------------------------------------------------------------
Successful connection to altibase server

------------------------------------------------------------------
[Disconnect]
------------------------------------------------------------------
Successful disconnection from altibase server

<CONNECT 2>
------------------------------------------------------------------
[Connect With Two ConnOpt]
------------------------------------------------------------------
Failed to connect to ALTIBASE server with both first and second options
Error : [-327730]
Failed first connection attempt.Client unable to establish connection. (Failed to invoke the connect() system function, errno=110)Failed second connection attempt.Client unable to establish connection. (Failed to invoke the connect() system function, errno=110)

<FREE>
------------------------------------------------------------------
[Connect]
------------------------------------------------------------------
Successful connection to altibase server

------------------------------------------------------------------
[Free]
------------------------------------------------------------------
Error : [-331796] Function sequence error.

------------------------------------------------------------------
[Reconnect]
------------------------------------------------------------------
Error : [-589826] The connection already exists. (Name:default connection)

<SELECT>
------------------------------------------------------------------
[Scalar Host Variables]
------------------------------------------------------------------
DNO      DNAME                          DEP_LOCATION
------------------------------------------------------------------
1001     RESEARCH DEVELOPMENT DEPT 1    New York       

------------------------------------------------------------------
[Structure Host Variables]
------------------------------------------------------------------
DNO      DNAME                          DEP_LOCATION       MGR_NO
------------------------------------------------------------------
1002     RESEARCH DEVELOPMENT DEPT 2    Sydney             13

------------------------------------------------------------------
[Error Case : Scalar Host Variables]
------------------------------------------------------------------
Error : [-331880] Too many rows returned.

<INSERT>
------------------------------------------------------------------
[Scalar Host Variables]
------------------------------------------------------------------
1 rows inserted

------------------------------------------------------------------
[Structure Host Variables]
------------------------------------------------------------------
1 rows inserted

<UPDATE>
------------------------------------------------------------------
[Scalar Host Variables]
------------------------------------------------------------------
1 rows updated

------------------------------------------------------------------
[Structure Host Variables]
------------------------------------------------------------------
1 rows updated

<DELETE>
------------------------------------------------------------------
[Scalar Host Variables]
------------------------------------------------------------------
3 rows deleted

<CURSOR 1>
------------------------------------------------------------------
[Declare Cursor]
------------------------------------------------------------------
Successfully declared cursor

------------------------------------------------------------------
[Open Cursor]
------------------------------------------------------------------
Successfully opened cursor

------------------------------------------------------------------
[Fetch Cursor]
------------------------------------------------------------------
DNO      DNAME                          DEP_LOCATION       MGR_NO
------------------------------------------------------------------
1001     RESEARCH DEVELOPMENT DEPT 1    New York           16
1002     RESEARCH DEVELOPMENT DEPT 2    Sydney             13
1003     SOLUTION DEVELOPMENT DEPT      Osaka              14
2001     QUALITY ASSURANCE DEPT         Seoul              17
3001     CUSTOMERS SUPPORT DEPT         London             4
3002     PRESALES DEPT                  Peking             5
4001     MARKETING DEPT                 Brasilia           8
4002     BUSINESS DEPT                  Palo Alto          7

------------------------------------------------------------------
[Close Cursor]
------------------------------------------------------------------
Successfully closed cursor

<CURSOR 2>
------------------------------------------------------------------
[Declare Cursor]
------------------------------------------------------------------
Successfully declared cursor

------------------------------------------------------------------
[Open Cursor]
------------------------------------------------------------------
Successfully opened cursor

------------------------------------------------------------------
[Fetch Cursor]
------------------------------------------------------------------
ENO     DNO      SALARY
------------------------------------------------------------------
FETCH Result
2         -1     1500.00
3       1001     2000.00
4       3001     1800.00
FOR 2 FETCH Result
5       3002     2500.00
6       1002     1700.00
FETCH Result
7       4002      500.00
9       4001     1200.00
10      1003     4000.00
FOR 2 FETCH Result
11      1003     2750.00
12      4002     1890.00
FETCH Result
13      1002      980.00
14      1003     2003.00
15      1003     1000.00
FOR 2 FETCH Result
16      1001     2300.00
17      2001     1400.00
FETCH Result
18      4001     1900.00
19      4002     1800.00
FOR 2 FETCH Result

------------------------------------------------------------------
[Close Release Cursor]
------------------------------------------------------------------
Successfully closed and released cursor

<DYNAMIC SQL METHOD 1>
------------------------------------------------------------------
[Using String Literal]
------------------------------------------------------------------
Success execution with string literal

------------------------------------------------------------------
[Using Host Variable]
------------------------------------------------------------------
Success execution with host variable

<DYNAMIC SQL METHOD 2>
------------------------------------------------------------------
[Prepare]
------------------------------------------------------------------
Success prepare

------------------------------------------------------------------
[Execute]
------------------------------------------------------------------
Success execute

<DYNAMIC SQL METHOD 3>
------------------------------------------------------------------
[Prepare]
------------------------------------------------------------------
Success prepare

------------------------------------------------------------------
[Declare Cursor]
------------------------------------------------------------------
Success declare cursor

------------------------------------------------------------------
[Open Cursor]
------------------------------------------------------------------
Success open cursor

------------------------------------------------------------------
[Fetch Cursor]
------------------------------------------------------------------
30 rows selected

------------------------------------------------------------------
[Close Cursor]
------------------------------------------------------------------
Success close cursor

------------------------------------------------------------------
[Point of Char Host Variables]
------------------------------------------------------------------
1 rows inserted

------------------------------------------------------------------
[Scalar Host Variables]
------------------------------------------------------------------
1 rows inserted

<SQL/PSM 1>
------------------------------------------------------------------
[Create Procedure]
------------------------------------------------------------------
Success create procedure

------------------------------------------------------------------
[Execute Procedure]
------------------------------------------------------------------
Success execute procedure

------------------------------------------------------------------
[Drop Procedure]
------------------------------------------------------------------
Success drop procedure

<SQL/PSM 2>
------------------------------------------------------------------
[Create Function]
------------------------------------------------------------------
Success create function

------------------------------------------------------------------
[Execute Function]
------------------------------------------------------------------
31 rows selected

------------------------------------------------------------------
[Drop Function]
------------------------------------------------------------------
Success drop function

<DATE TYPE>
------------------------------------------------------------------
[SQL_DATE_STRUCT]
------------------------------------------------------------------
JOIN_DATE of ENO is 3 : 2010/1/11

------------------------------------------------------------------
[SQL_TIME_STRUCT]
------------------------------------------------------------------
JOIN_DATE of ENO is 3 : 0:0:0

------------------------------------------------------------------
[SQL_TIMESTAMP_STRUCT]
------------------------------------------------------------------
JOIN_DATE of ENO is 3 : 2010/1/11 0:0:0:0

------------------------------------------------------------------
[SQL_DATE_STRUCT]
------------------------------------------------------------------
Success update with SQL_DATE_STRUCT
1 rows updated

------------------------------------------------------------------
[SQL_TIME_STRUCT]
------------------------------------------------------------------
Success update with SQL_TIME_STRUCT
1 rows updated

------------------------------------------------------------------
[SQL_TIMESTAMP_STRUCT]
------------------------------------------------------------------
Success update with SQL_TIMESTAMP_STRUCT
1 rows updated

------------------------------------------------------------------
[Array of Structure Included Date Type]
------------------------------------------------------------------
Success insert
3 rows inserted
3 times insert success

<VARCHAR TYPE>
------------------------------------------------------------------
[Scalar VARCHAR]
------------------------------------------------------------------
s_cname       = [Stone               ]
s_address.arr = [142 Francis Street Western Australia AUS]
s_address.len = [40]

------------------------------------------------------------------
[Array of VARCHAR]
------------------------------------------------------------------
CUS_JOB
------------------------------------------------------------------
engineer
doctor
designer
engineer
webmaster
WEBPD
planner
PD
designer
NULL
manager
banker
engineer
banker
manager
planner
NULL
engineer
NULL
webmaster

------------------------------------------------------------------
[Structure Included VARCHAR]
------------------------------------------------------------------
Success insert

------------------------------------------------------------------
[Array of Structure Included VARCHAR]
------------------------------------------------------------------
3 rows inserted
3 times insert success

<BINARY TYPE>
------------------------------------------------------------------
[APRE_CLOB]
------------------------------------------------------------------
Success insert with APRE_CLOB
sel_clob     = AAAAAAAAAA
sel_clob_ind = 10

------------------------------------------------------------------
[APRE_BLOB]
------------------------------------------------------------------
Success insert with APRE_BLOB
sel_blob     = !!!!!!!!!!
sel_blob_ind = 10

------------------------------------------------------------------
[APRE_BINARY]
------------------------------------------------------------------
Success insert with APRE_BINARY
sel_blob     = !!!!!!!!!!
sel_blob_ind = 10

------------------------------------------------------------------
[APRE_BYTES]
------------------------------------------------------------------
Success insert with APRE_BYTES
sel_bytes     = !!!!!
sel_bytes_ind = 5

------------------------------------------------------------------
[APRE_NIBBLE]
------------------------------------------------------------------
Success insert with APRE_NIBBLE
sel_nibble     = !!!!!
sel_nibble_ind = 6
sel_nibble[0]  = 10

<ARRAYS 1>
------------------------------------------------------------------
[Scalar Array Host Variables With Insert]
------------------------------------------------------------------
3 rows inserted
3 times insert success

------------------------------------------------------------------
[Structure Array Host Variables With Insert]
------------------------------------------------------------------
3 rows inserted
3 times insert success

------------------------------------------------------------------
[Arrays In Structure With Insert]
------------------------------------------------------------------
3 rows inserted
3 times insert success

------------------------------------------------------------------
[Scalar Array Host Variables With Update]
------------------------------------------------------------------
3 rows updated
3 times update success

------------------------------------------------------------------
[Arrays In Structure With Update]
------------------------------------------------------------------
12 rows updated
3 times update success

------------------------------------------------------------------
[Scalar Array Host Variables With Delete]
------------------------------------------------------------------
6 rows deleted
3 times delete success

------------------------------------------------------------------
[Arrays In Structure With Delete]
------------------------------------------------------------------
3 rows deleted
3 times delete success

------------------------------------------------------------------
[For Clause With Insert]
------------------------------------------------------------------
2 rows inserted
2 times insert success

------------------------------------------------------------------
[For Clause With Update]
------------------------------------------------------------------
2 rows updated
2 times update success

------------------------------------------------------------------
[For Clause With Delete]
------------------------------------------------------------------
2 rows deleted
2 times delete success

<ARRAYS 2>
------------------------------------------------------------------
[Scalar Array Host Variables With Select]
------------------------------------------------------------------
DNO      DNAME                          DEP_LOCATION
------------------------------------------------------------------
3001     CUSTOMERS SUPPORT DEPT         London         
3002     PRESALES DEPT                  Peking         
4001     MARKETING DEPT                 Brasilia       
4002     BUSINESS DEPT                  Palo Alto      
4 rows selected

------------------------------------------------------------------
[Structure Array Host Variables With Select]
------------------------------------------------------------------
DNO      DNAME                          DEP_LOCATION       MGR_NO
------------------------------------------------------------------
1001     RESEARCH DEVELOPMENT DEPT 1    New York           16
1002     RESEARCH DEVELOPMENT DEPT 2    Sydney             13
1003     SOLUTION DEVELOPMENT DEPT      Osaka              14
3 rows selected

------------------------------------------------------------------
[Arrays In Structure With Select]
------------------------------------------------------------------
DNO      DNAME                          DEP_LOCATION       MGR_NO
------------------------------------------------------------------
1001     RESEARCH DEVELOPMENT DEPT 1    New York           16
1002     RESEARCH DEVELOPMENT DEPT 2    Sydney             13
1003     SOLUTION DEVELOPMENT DEPT      Osaka              14
3 rows selected

------------------------------------------------------------------
[Error Case : Array Host Variables]
------------------------------------------------------------------
Error : [-331880] Too many rows returned.

------------------------------------------------------------------
[Execute Procedure With Array In-Binding]
------------------------------------------------------------------
Successfully executed procedure

<ARGUMENT>

<INDICATOR VARIABLES>
------------------------------------------------------------------
[Scalar Indicator Variables]
------------------------------------------------------------------
Success insert

------------------------------------------------------------------
[Structure Indicator Variables]
------------------------------------------------------------------
GNO        GNAME                GOODS_LOCATION  STOCK  PRICE
------------------------------------------------------------------
X111100002 XX-101               NULL            5000   -1.00

------------------------------------------------------------------
[Scalar Array Indicator Variables]
------------------------------------------------------------------
3 rows updated
3 times update success

------------------------------------------------------------------
[Arrays In Structure]
------------------------------------------------------------------
3 rows inserted
3 times inserte success

------------------------------------------------------------------
[Indicator Variable(.len) of VARCHAR With Output Host Variables]
------------------------------------------------------------------
v_address.arr = [Geumjeong-Gu Busan South Korea]
v_address.len = 30

------------------------------------------------------------------
[Indicator Variable(.len) of VARCHAR With Input Host Variables]
------------------------------------------------------------------
Success update

------------------------------------------------------------------
[Indicator Variable of DATE Type With Input Host Variables]
------------------------------------------------------------------
Success update

------------------------------------------------------------------
[Indicator Variable of DATE Type With Output Host Variables]
------------------------------------------------------------------
d_arrival_date2 = NULL

<RUNTIME ERROR CHECK>
------------------------------------------------------------------
[SQL_SUCCESS]
------------------------------------------------------------------
sqlca.sqlcode = 0

------------------------------------------------------------------
[SQL_SUCCESS_WITH_INFO With SQLSTATE=01004]
------------------------------------------------------------------
sqlca.sqlcode          = 1
sqlca.sqlerrm.sqlerrmc = String data right-truncated.
SQLSTATE               = 01004
SQLCODE                = 1

------------------------------------------------------------------
[SQL_ERROR With SQLSTATE=22002]
------------------------------------------------------------------
sqlca.sqlcode          = -1
sqlca.sqlerrm.sqlerrmc = Indicator variable required but not supplied.
SQLSTATE               = 22002
SQLCODE                = -331841

------------------------------------------------------------------
[SQL_NO_DATA With SELECT]
------------------------------------------------------------------
sqlca.sqlcode          = 100
sqlca.sqlerrm.sqlerrmc = Not found data
SQLSTATE               = 02000
SQLCODE                = 100

------------------------------------------------------------------
[SQL_NO_DATA With FETCH]
------------------------------------------------------------------
sqlca.sqlcode          = 100
sqlca.sqlerrm.sqlerrmc = Not found data
SQLSTATE               = 02000
SQLCODE                = 100
2 rows fetched

------------------------------------------------------------------
[SQL_ERROR]
------------------------------------------------------------------
sqlca.sqlcode          = -1
sqlca.sqlerrm.sqlerrmc = The row already exists in a unique index.
SQLSTATE               = 23000
SQLCODE                = -69720

------------------------------------------------------------------
[SQL_ERROR With SQLSTATE=HY010]
------------------------------------------------------------------
sqlca.sqlcode          = -1
sqlca.sqlerrm.sqlerrmc = The cursor must be opened to fetch rows.
SQLSTATE               = HY010
SQLCODE                = -1

------------------------------------------------------------------
[sqlca.sqlerrd[2]]
------------------------------------------------------------------
sqlca.sqlcode    = 0
sqlca.sqlerrd[2] = 12

------------------------------------------------------------------
sqlca.sqlerrd[3] With Array In-Binding]
------------------------------------------------------------------
sqlca.sqlcode    = 0
sqlca.sqlerrd[2] = 12
sqlca.sqlerrd[3] = 3

<WHENEVER>
Success connection

------------------------------------------------------------------
DNO      DNAME                          DEP_LOCATION       MGR_NO
------------------------------------------------------------------
1001     PAPER TEAM                     New York           16
1002     RESEARCH DEVELOPMENT DEPT 2    Sydney             13
1003     SOLUTION DEVELOPMENT DEPT      Osaka              14
2001     QUALITY ASSURANCE DEPT         Seoul              17
3001     CUSTOMERS SUPPORT DEPT         London             4
3002     PRESALES DEPT                  Peking             5
4001     MARKETING DEPT                 Brasilia           8
4002     BUSINESS DEPT                  Palo Alto          7

<MULTI CONNECTION 1>
------------------------------------------------------------------
[Declare Cursor With CONN1                                       ]
------------------------------------------------------------------
Success declare cursor with CONN1

------------------------------------------------------------------
[Open Cursor With CONN1]
------------------------------------------------------------------
Success open cursor with CONN1

------------------------------------------------------------------
[Fetch Cursor With CONN1 -> Insert With CONN2]
------------------------------------------------------------------
30 rows inserted

------------------------------------------------------------------
[Close Cursor With CONN1]
------------------------------------------------------------------
Success close cursor with CONN1

<MULTI CONNECTION 2>
------------------------------------------------------------------
[Dynamic SQL Method 1 With :conn_name2]
------------------------------------------------------------------
Success dynamic sql method 1 with :conn_name2

------------------------------------------------------------------
[Dynamic SQL Method 2 (PREPARE) With :conn_name2]
------------------------------------------------------------------
Success dynamic sql method 2 (prepare) with :conn_name2

------------------------------------------------------------------
[Dynamic SQL Method 3 (PREPARE) With :conn_name1]
------------------------------------------------------------------
Success dynamic sql method 3 (prepare) with :conn_name1

------------------------------------------------------------------
[Dynamic SQL Method 3 (DECLARE CURSOR) With :conn_name1]
------------------------------------------------------------------
Success dynamic sql method 3 (declare cursor) with :conn_name1

------------------------------------------------------------------
[Dynamic SQL Method 3 (OPEN CURSOR) With :conn_name1]
------------------------------------------------------------------
Success dynamic sql method 3 (open cursor) with :conn_name1

------------------------------------------------------------------
[Dynamic SQL Method 3 (FETCH CURSOR) With :conn_name1
 -> Dynamic SQL Method 2 (EXECUTE-INSERT) With :conn_name2]
------------------------------------------------------------------
20 rows inserted

------------------------------------------------------------------
[Dynamic SQL Method 3 (CLOSE CURSOR) With :conn_name1]
------------------------------------------------------------------
Success dynamic sql method 3 (close cursor) with :conn_name1

<MULTI CONNECTION 3>
------------------------------------------------------------------
[Autocommit Off With CONN1]
------------------------------------------------------------------
Autocommit mode of CONN1 session modified false

------------------------------------------------------------------
[Autocommit Off With CONN2]
------------------------------------------------------------------
Autocommit mode of CONN2 session modified false

------------------------------------------------------------------
[Create Procedure With CONN1]
------------------------------------------------------------------
Success create procedure

------------------------------------------------------------------
[Create Procedure With CONN2]
------------------------------------------------------------------
Success create procedure

------------------------------------------------------------------
[Execute Procedure With CONN1]
------------------------------------------------------------------
Success execute procedure

------------------------------------------------------------------
[Execute Procedure With CONN2]
------------------------------------------------------------------
Success execute procedure

------------------------------------------------------------------
[Commit With CONN1]
------------------------------------------------------------------
Success commit

------------------------------------------------------------------
[Commit With CONN2]
------------------------------------------------------------------
Success commit

------------------------------------------------------------------
[Drop Procedure With CONN1]
------------------------------------------------------------------
Success drop procedure

------------------------------------------------------------------
[Drop Procedure With CONN2]
------------------------------------------------------------------
Success drop procedure

<MULTI THREADS 1>

<MULTI THREADS 2>
------------------------------------------------------------------
ORDER_DATE              ENO   GNO
------------------------------------------------------------------
29-NOV-2011     12    A111100002

29-NOV-2011     12    E111100001

29-NOV-2011     19    E111100001

10-DEC-2011     19    D111100008

01-DEC-2011     19    D111100004

29-DEC-2011     12    C111100001

29-DEC-2011     20    E111100002

30-DEC-2011     20    D111100002

30-DEC-2011     19    D111100008

30-DEC-2011     20    A111100002

30-DEC-2011     12    D111100002

30-DEC-2011     20    D111100011

30-DEC-2011     20    D111100003

30-DEC-2011     19    D111100010

30-DEC-2011     20    C111100001

30-DEC-2011     12    E111100012

30-DEC-2011     20    C111100001

30-DEC-2011     12    F111100001

# FETCH SUCCESS #
I1:01-1      	I2:02-1      
<INSERT>
------------------------------------------------------------------
[Scalar Host Variables]
------------------------------------------------------------------
1 rows inserted

------------------------------------------------------------------
[Structure Host Variables]
------------------------------------------------------------------
1 rows inserted

<INSERT>
------------------------------------------------------------------
[Structure Host Variables]
------------------------------------------------------------------
1 rows inserted

