######################################################
## SELECT Test Start 
######################################################
ID = 1 OBJ = POINT( 1.0 1.0)
ID = 2 OBJ = LINESTRING( 1.0 1.0,2.0 2.0,3.0 1.0 )
ID = 3 OBJ = POLYGON( ( 1.0 1.0,2.0 1.0,2.0 2.0,1.0 2.0,1.0 1.0 ) )
ID = 4 OBJ = POLYGON( ( 0.0 0.0,3.0 0.0,3.0 3.0,0.0 3.0,0.0 0.0 ), ( 1.0 1.0,2.0 1.0,2.0 2.0,1.0 2.0,1.0 1.0 ) )
ID = 5 OBJ = MULTIPOINT( 1.0 1.0,2.0 2.0 )
ID = 6 OBJ = MULTILINESTRING( ( 1.0 1.0,2.0 2.0,3.0 1.0 ),( 3.0 3.0,4.0 4.0 ) )
ID = 7 OBJ = MULTIPOLYGON( ( ( 1.0 1.0,2.0 1.0,2.0 2.0,1.0 2.0,1.0 1.0 ) ) ,( ( 4.0 4.0,5.0 4.0,5.0 5.0,4.0 5.0,4.0 4.0 ) )  )
ID = 8 OBJ = GEOMCOLLECTION( POINT( 1.0 1.0),LINESTRING( 1.0 1.0,2.0 2.0 ) ) 
## SELECT Test SUCCESS ## 

######################################################
## INSERT Test Start 
######################################################
## INSERT Test SUCCESS ## 

######################################################
## UPDATE Test Start 
######################################################
## UPDATE Test SUCCESS ## 

######################################################
## DELETE Test Start 
######################################################
## DELETE Test SUCCESS ## 

