=========================================
 Test Begin
=========================================
TEST INSERT (1, POINT(5 5) )
TEST INSERT (2, POLYGON( (1 1, 3 1, 3 3, 1 3, 1 1) )
=========================================
 Test End
=========================================
=========================================
 Test Begin
=========================================
TEST UPDATE POINT(5 5) => POINT(3 3)
TEST UPDATE POLYGON( (1 1, 3 1, 3 3, 1 3, 1 1) ) => POLYGON( (3 3, 3 6, 6 3, 3 3) )
=========================================
 Test End
=========================================
=========================================
 Test Begin
=========================================
TEST SELECT ID, ASBINARY(OBJ) FROM T1 WHERE WHTHIN( OBJ, POLYGON( (0 0, 0 10, 10 10, 10 0, 0 0) )
FETCH RECORD
  ID  : 1
  OBJ : POINT(3 3) 
FETCH RECORD
  ID  : 2
  OBJ : POLYGON((3 3, 3 6, 6 3, 3 3)) 
=========================================
 Test End
=========================================
=========================================
 Test Begin
=========================================
TEST DELETE FROM T1 WHERE WHTHIN( OBJ, POLYGON( (0 0, 0 10, 10 10, 10 0, 0 0) )
=========================================
 Test End
=========================================
