Basic_Types.o
OS.o
PDL2.o
Handle_Set2.o
idl.o
idtBaseThread.o
idaCTypes.o
idaCompare.o
idaConst.o
idaDate.o
idaOperator.o
idaTNumeric.o
idaTNumericMisc.o
idaVarchar.o
idaXa.o
idn.o
idnCharSet.o
idm.o
idp.o
idpBase.o
idpUInt.o
idpULong.o
idpSInt.o
idpSLong.o
idpString.o
idpDescResource.o
ideMsgLog.o
ideCallback.o
ideErrorMgr.o
iduVersion.o
iduCheckLicense.o
iduMemory.o
iduVarMemList.o
iduVarMemList2.o
iduStack.o
iduStackFrame.o
iduMutex.o
iduMutexEntry.o
iduMutexEntryPOSIX.o
iduMutexEntryPOSIX_client.o
iduMutexMgr.o
iduMemList.o
iduMemMgr.o
iduMemPool.o
iduFile.o
iduFileAIO.o
iduAIOQueue.o
iduRunTimeInfo.o
iduStackMgr.o
iduPtrList.o
iduSessionEvent.o
iduOIDMemory.o
iduArgument.o
iduMemPool2.o
iduHash.o
iduHashUtil.o
iduStringHash.o
iduFixedTable.o
iduLimitManager.o
iduLZO.o
iduLatch.o
iduLatchTypePosix.o
iduLatchTypePosix2.o
iduTable.o
iduProperty.o
iduFileStream.o
iduBridgeForC.o
iduRecManager.o
iduTraceCode.o
iduVarString.o
iduQueue.o
iduQueueDualLock.o
iduHeap.o
iduPriorityQueue.o
iduHeapSort.o
iduReusedMemoryHandle.o
iduGrowingMemoryHandle.o
iduFXStack.o
idsCrypt.o
idsDES.o
idsSHA1.o
idsGPKI.o
idsRC4.o
idv.o
idvHandlerDefault.o
idvHandlerTimer.o
idvHandlerClock.o
idvTimeFuncNone.o
idvTimeFuncThread.o
idvTimeFuncLibrary.o
idvTimeFuncClock.o
idvProfile.o
idpFT.o
iduMemMgrFT.o
iduMutexMgrFT.o
ideMsgLogFT.o
idwService.o
idf.o
idfCore.o
idfMemory.o
cmbBlock.o
cmbPool.o
cmbPoolLOCAL.o
cmbPoolIPC.o
cmbShm.o
cmbPoolDA.o
cmi.o
cmmSession.o
cmnSock.o
cmnLink.o
cmnLinkListenTCP.o
cmnLinkListenUNIX.o
cmnLinkListenIPC.o
cmnLinkPeer.o
cmnLinkPeerTCP.o
cmnLinkPeerUNIX.o
cmnLinkPeerIPC.o
cmnLinkPeerDA.o
cmnDispatcher.o
cmnDispatcherIPC.o
cmnDispatcherSOCK-SELECT.o
cmpHeader.o
cmpCallbackBASE.o
cmpArgBASE.o
cmpArgDB.o
cmpArgRP.o
cmpArgDL.o
cmpMarshalBASE.o
cmpMarshalDB.o
cmpMarshalRP.o
cmpMarshalDL.o
cmpModuleBASE.o
cmpModuleDB.o
cmpModuleRP.o
cmpModuleDL.o
cmpModule.o
cmtAny.o
cmtVariable.o
cmtCollection.o
cmuVersion.o
cmuTraceCode.o
cmuIpcPath.o
cmxXid.o
smuUtility.o
smuVersion.o
smuQueueMgr.o
smuHash.o
smuDynArray.o
smuTraceCode.o
smuSynchroList.o
smuProperty.o
sctTableSpaceMgr.o
sctTBSAlter.o
sctTBSUpdate.o
sctReq.o
sddDataFile.o
sddDiskMgr.o
sddTableSpace.o
sddUpdate.o
sddDiskFT.o
sddDWFile.o
sddReq.o
sdbDPathBufferMgr.o
sdbDPathBFThread.o
sdbBCBHash.o
sdbLRUList.o
sdbPrepareList.o
sdbFlushList.o
sdbCPListSet.o
sdbBufferArea.o
sdbBufferPool.o
sdbBCB.o
sdbBufferPoolStat.o
sdbFlushMgr.o
sdbFlusher.o
sdbBufferMgr.o
sdbDWRecoveryMgr.o
sdbBCBStat.o
sdbFlusherStat.o
sdbBCBListStat.o
sdbFlushMgrStat.o
sdbReq.o
sdrRedoMgr.o
sdrMiniTrans.o
sdrMtxStack.o
sdrReq.o
sdrUpdate.o
sdpPhyPage.o
sdpKeyMap.o
sdpReq.o
sdpSglPIDList.o
sdpSglRIDList.o
sdpDblPIDList.o
sdpDblRIDList.o
sdpSlot.o
sdpTablePage.o
sdpTableSpace.o
sdpUpdate.o
sdpPageList.o
sdpSegDescMgr.o
sdpSegment.o
sdpTBSDump.o
sdpSEGDump.o
sdpModule.o
sdpsfSegDDL.o
sdpsfSH.o
sdpsfUpdate.o
sdpsfExtList.o
sdpsfUFmtPIDList.o
sdpsfFreePIDList.o
sdpsfPvtFreePIDList.o
sdpsfAllocPage.o
sdpsfFindPage.o
sdpsfVerifyAndDump.o
sdpstSegDDL.o
sdpstCache.o
sdpstSH.o
sdpstEMP.o
sdpstRtBMP.o
sdpstItBMP.o
sdpstLfBMP.o
sdpstAllocPage.o
sdpstFreePage.o
sdpstFindPage.o
sdpstStackMgr.o
sdpstUpdate.o
sdpstFT.o
sdpstVerifyAndDump.o
sdptlExtDirPage.o
sdptlExtDirPageList.o
sdptlExtFreeList.o
sdptlExtent.o
sdptlSpaceDDL.o
sdptlSpaceHeader.o
sdptlVerifyAndDump.o
sdptbBit.o
sdptbExtent.o
sdptbGroup.o
sdptbSpaceDDL.o
sdptbUpdate.o
sdptbVerifyAndDump.o
smrChkptThread.o
smrDirtyPageList.o
smrDPListMgr.o
smrLFThread.o
smrLogAnchorMgr.o
smrLogFile.o
smrLogFileDump.o
smrLogFileMgr.o
smrLogMgr.o
smrRecoveryMgr.o
smrBackupMgr.o
smrLogRec.o
smrUTransQueue.o
smrCompareLSN.o
smrUpdate.o
smrArchThread.o
smrReq.o
smrLFGMgr.o
smrPreReadLFileThread.o
smrRedoLSNMgr.o
smrLogFileGroup.o
smrLogComp.o
smrCompResList.o
smrCompResPool.o
smmDatabaseFile.o
smmDirtyPageList.o
smmDirtyPageMgr.o
smmFixedMemoryMgr.o
smmShmKeyMgr.o
smmShmKeyList.o
smmExpandChunk.o
smmFPLManager.o
smmPLoadMgr.o
smmPLoadChild.o
smmDatabase.o
smmTBSStartupShutdown.o
smmTBSMultiPhase.o
smmTBSChkptPath.o
smmTBSAlterAutoExtend.o
smmTBSAlterChkptPath.o
smmTBSAlterDiscard.o
smmTBSCreate.o
smmTBSDrop.o
smmTBSMediaRecovery.o
smmTBSFixedTables.o
smmManager.o
smmSlotList.o
smmUpdate.o
smmtParallelWrite.o
smmReq.o
smpFixedPageList.o
smpVarPageList.o
smpAllocPageList.o
smpFreePageList.o
smpManager.o
smpUpdate.o
smpTBSAlterOnOff.o
smpReq.o
smxOIDList.o
smxSavepointMgr.o
smxTrans.o
smxTransFreeList.o
smxTransMgr.o
smxReq.o
smxSSL.o
smxLCL.o
smxTableInfoMgr.o
smlLockMgr.o
smlReq.o
sdcTSSegment.o
sdcTSSlot.o
sdcUndoRecord.o
sdcUndoSegment.o
sdcReq.o
sdcRecord.o
sdcRecordUpdate.o
sdcUpdate.o
sdcLob.o
sdcDPathInsQueue.o
sdcDPathInsThreadMgr.o
sdcDPathInsThread.o
sdcDPathInfoMgr.o
sdcDPathSegInfoMgr.o
sdcTSSegMgr.o
sdcUDSegMgr.o
sdcTempRecord.o
smcCatalogTable.o
smcObject.o
smcSequence.o
smcSequenceUpdate.o
smcReq.o
smcTableBackupFile.o
smctParallelLoad.o
smcRecord.o
smcRecordUpdate.o
smcTableUpdate.o
smcTableSpace.o
smcTable.o
smcLob.o
smcLobUpdate.o
smcDump.o
sdnReq.o
sdnIndexBuildTopDownThread.o
sdnIndexBuildThread.o
sdnManager.o
sdnUpdate.o
sdnbModule.o
sdnbDump.o
sdnbTempModule.o
sdnnModule.o
sdnnTempModule.o
smnManager.o
smnModules.o
smnpIWManager.o
smnIndexFile.o
smnReq.o
smnnModule.o
smnbModule.o
smnbValuebaseBuild.o
smnbPointerbaseBuild.o
smnbDump.o
smnbnModule.o
smnbnBuild.o
smnfModule.o
smaDeleteThread.o
smaLogicalAger.o
smapManager.o
smaRefineDB.o
sccMetaTable.o
sgmManager.o
svrLogMgr.o
svrRecoveryMgr.o
svcRecord.o
svcRecordUndo.o
svcReq.o
svmDatabase.o
svmExpandChunk.o
svmFPLManager.o
svmManager.o
svmTBSCreate.o
svmTBSDrop.o
svmTBSAlterAutoExtend.o
svmTBSStartupShutdown.o
svmUpdate.o
svmReq.o
svmTBSFixedTables.o
svpAllocPageList.o
svpFixedPageList.o
svpFreePageList.o
svpManager.o
svpVarPageList.o
svpReq.o
svnnModule.o
svnbModule.o
svnbnModule.o
sdaGC.o
sdaDeleteThread.o
smtPJChild.o
smtPJMgr.o
smiTableSpace.o
smiObject.o
smiTrans.o
smiStatement.o
smiTable.o
smiTableCursor.o
smiMain.o
smiMisc.o
smiFixedTable.o
smiLogRec.o
smiMediaRecovery.o
smiBackup.o
smiReadLogByOrder.o
smiLob.o
smiTableBackup.o
smiVolTableBackup.o
smiRemoteTable.o
smiDPathInsMgr.o
sdnhTempModule.o
mtc.o
mtd.o
mtdBigint.o
mtdBit.o
mtdVarbit.o
mtdBinary.o
mtdBlob.o
mtdBoolean.o
mtdChar.o
mtddl.o
mtdDate.o
mtdDouble.o
mtdFloat.o
mtdInteger.o
mtdInterval.o
mtdList.o
mtdNull.o
mtdNumber.o
mtdNumeric.o
mtdReal.o
mtdSmallint.o
mtdVarchar.o
mtdByte.o
mtdNibble.o
mtdClob.o
mtdBlobLocator.o
mtdClobLocator.o
mtf.o
mtfModules.o
mtfAbs.o
mtfAcos.o
mtfAdd.o
mtfAdd2.o
mtfAdd_months.o
mtfAnd.o
mtfAscii.o
mtfAsin.o
mtfAtan.o
mtfAtan2.o
mtfAvg.o
mtfAvgGroupBy.o
mtfBetween.o
mtfBin_To_Num.o
mtfBinary_length.o
mtfCase2.o
mtfCeil.o
mtfCharacter_length.o
mtfChosung.o
mtfChr.o
mtfConcat.o
mtfCos.o
mtfCosh.o
mtfCount.o
mtfDateadd.o
mtfDatediff.o
mtfDatename.o
mtfDecode.o
mtfDESDecrypt.o
mtfDESEncrypt.o
mtfDigits.o
mtfDigest.o
mtfDivide.o
mtfDivide2.o
mtfDump.o
mtfEqual.o
mtfEqualAll.o
mtfEqualAny.o
mtfExists.o
mtfExp.o
mtfExtract.o
mtfFloor.o
mtfGreaterEqual.o
mtfGreaterEqualAll.o
mtfGreaterEqualAny.o
mtfGreaterThan.o
mtfGreaterThanAll.o
mtfGreaterThanAny.o
mtfGreatest.o
mtfHex_To_Num.o
mtfInitcap.o
mtfInstrb.o
mtfIsNotNull.o
mtfIsNull.o
mtfLast_day.o
mtfLeast.o
mtfLessEqual.o
mtfLessEqualAll.o
mtfLessEqualAny.o
mtfLessThan.o
mtfLessThanAll.o
mtfLessThanAny.o
mtfLike.o
mtfList.o
mtfLn.o
mtfLog.o
mtfLower.o
mtfLpad.o
mtfLtrim.o
mtfMax.o
mtfMin.o
mtfMinus.o
mtfMod.o
mtfMonths_between.o
mtfMultiply.o
mtfMultiply2.o
mtfNext_day.o
mtfNextHangul.o
mtfNot.o
mtfNotBetween.o
mtfNotEqual.o
mtfNotEqualAll.o
mtfNotEqualAny.o
mtfNotExists.o
mtfNotLike.o
mtfNotUnique.o
mtfNvl.o
mtfNvl2.o
mtfOctet_length.o
mtfOct_To_Num.o
mtfOr.o
mtfPosition.o
mtfPower.o
mtfRandom.o
mtfReplace2.o
mtfReplicate.o
mtfReverse_str.o
mtfRound.o
mtfRpad.o
mtfRtrim.o
mtfSign.o
mtfSin.o
mtfSinh.o
mtfSizeof.o
mtfSnmp_get.o
mtfSnmp_getnext.o
mtfSnmp_name.o
mtfSnmp_set.o
mtfSnmp_translate.o
mtfSnmp_walk.o
mtfSqrt.o
mtfStddev.o
mtfStddevGroupBy.o
mtfStuff.o
mtfSubstrb.o
mtfSubstring.o
mtfSubtract.o
mtfSubtract2.o
mtfSum.o
mtfTan.o
mtfTanh.o
mtfTo_bin.o
mtfTo_char.o
mtfTo_date.o
mtfTo_number.o
mtfTo_hex.o
mtfTo_oct.o
mtfTranslate.o
mtfTrim.o
mtfTrunc.o
mtfUnique.o
mtfUpper.o
mtfVariance.o
mtfVarianceGroupBy.o
mtfGetBlobLocator.o
mtfGetClobLocator.o
mtfBitAnd.o
mtfBitOr.o
mtfBitNot.o
mtfBitXor.o
mtfTo_fpid.o
mtfTo_fid.o
mtfCast.o
mtfManyDecodeSum.o
mtfToNumberIndex.o
mtk.o
mtl.o
mtlUTF8.o
mtlASCII.o
mtlKSC5601.o
mtlShiftJIS.o
mtlEUCJP.o
mtlGB231280.o
mtlBig5.o
mtlMS949.o
mtlCollate.o
mtv.o
mtvModules.o
mtvBigint2Double.o
mtvBigint2Integer.o
mtvBigint2Numeric.o
mtvBigint2Varchar.o
mtvChar2Varchar.o
mtvDate2Varchar.o
mtvDouble2Bigint.o
mtvDouble2Float.o
mtvDouble2Interval.o
mtvDouble2Numeric.o
mtvDouble2Real.o
mtvDouble2Varchar.o
mtvFloat2Double.o
mtvFloat2Numeric.o
mtvFloat2Varchar.o
mtvInteger2Bigint.o
mtvInteger2Double.o
mtvInteger2Smallint.o
mtvInterval2Double.o
mtvNull2Bigint.o
mtvNull2Blob.o
mtvNull2Boolean.o
mtvNull2Char.o
mtvNull2Clob.o
mtvNull2Date.o
mtvNull2Double.o
mtvNull2Float.o
mtvNull2Integer.o
mtvNull2Interval.o
mtvNull2Numeric.o
mtvNull2Real.o
mtvNull2Smallint.o
mtvNull2Varchar.o
mtvNull2Byte.o
mtvNull2Nibble.o
mtvNull2Bit.o
mtvNull2Varbit.o
mtvNumeric2Bigint.o
mtvNumeric2Double.o
mtvNumeric2Float.o
mtvReal2Double.o
mtvSmallint2Integer.o
mtvVarchar2Char.o
mtvVarchar2Date.o
mtvVarchar2Float.o
mtvVarchar2Byte.o
mtvVarbit2Varchar.o
mtvBit2Varbit.o
mtvVarbit2Bit.o
mtvVarchar2Blob.o
mtvVarchar2Clob.o
mtvByte2Blob.o
mtvBinary2Blob.o
mtvBlobLocator2Blob.o
mtvClobLocator2Clob.o
mtvBlob2BlobLocator.o
mtvClob2ClobLocator.o
mtvNibble2Varchar.o
mtvVarchar2Nibble.o
mtvByte2Varchar.o
mtuProperty.o
mtuTraceCode.o
mtsFileType.o
qci.o
qciMisc.o
qcg.o
qcgPlan.o
qcply.o
qcpll.o
qcphl.o
qcphy.o
qcpUtil.o
qcpManager.o
qcphManager.o
qcc.o
qcm.o
qcmFixedTable.o
qcmPerformanceView.o
qcmCreate.o
qcmCache.o
qcmUser.o
qcmDNUser.o
qcmProc.o
qcmPriv.o
qcmTrigger.o
qcmDatabase.o
qcmView.o
qcmTableSpace.o
qcmXA.o
qcmRepl.o
qcmSynonym.o
qcmDirectory.o
qcmDump.o
qcmTableInfoMgr.o
qcmPartition.o
qcmLink.o
qcmRemoteTable.o
qcuProperty.o
qcuSqlSourceInfo.o
qcuTraceCode.o
qcuSessionObj.o
qca.o
qcd.o
qmsParseTree.o
qdbCommon.o
qdbCreate.o
qdbAlter.o
qdc.o
qdcDir.o
qdd.o
qdl.o
qdn.o
qdnForeignKey.o
qdnTrigger.o
qdr.o
qds.o
qdsSynonym.o
qdx.o
qdv.o
qmb.o
qmc.o
qmcMemory.o
qmcTempTableMgr.o
qmcHashTempTable.o
qmcMemHashTempTable.o
qmcDiskHashTempTable.o
qmcSortTempTable.o
qmcMemSortTempTable.o
qmcDiskSortTempTable.o
qmcCursor.o
qmcInsertCursor.o
qmv.o
qmvQuerySet.o
qmvOrderBy.o
qmvQTC.o
qmo.o
qmoMemCost.o
qmoDiskCost.o
qmoNonCrtPathMgr.o
qmoCrtPathMgr.o
qmoDnfMgr.o
qmoCnfMgr.o
qmoCivMgr.o
qmoJoinMethod.o
qmoOneNonPlan.o
qmoOneMtrPlan.o
qmoTwoNonPlan.o
qmoTwoMtrPlan.o
qmoMultiNonPlan.o
qmoDependency.o
qmoNormalForm.o
qmoPredicate.o
qmoSubquery.o
qmoSelectivity.o
qmoStatMgr.o
qmoKeyRange.o
qmoUtil.o
qmoPartition.o
qmoSQLGenerator.o
qmoTransitivity.o
qmoViewMerging.o
qmoConstExpr.o
qmoPushPred.o
qmg.o
qmgSelection.o
qmgProjection.o
qmgDistinction.o
qmgGrouping.o
qmgSorting.o
qmgJoin.o
qmgLeftOuter.o
qmgFullOuter.o
qmgSet.o
qmgHierarchy.o
qmgDnf.o
qmgPartition.o
qmgCounting.o
qmn.o
qmnScan.o
qmnProject.o
qmnView.o
qmnFilter.o
qmnSort.o
qmnLimitSort.o
qmnHash.o
qmnHashDist.o
qmnGroupBy.o
qmnGroupAgg.o
qmnCountAsterisk.o
qmnAggregation.o
qmnConcatenate.o
qmnJoin.o
qmnMergeJoin.o
qmnBagUnion.o
qmnMultiBagUnion.o
qmnSetIntersect.o
qmnSetDifference.o
qmnLeftOuter.o
qmnAntiOuter.o
qmnFullOuter.o
qmnViewMaterialize.o
qmnViewScan.o
qmnHierarchy.o
qmnPartitionCoord.o
qmnCounter.o
qmx.o
qmxSessionCache.o
qsf.o
qsfPrint.o
qsfFOpen.o
qsfFGetLine.o
qsfFPut.o
qsfFClose.o
qsfFFlush.o
qsfFRemove.o
qsfFRename.o
qsfFCopy.o
qsfFCloseAll.o
qsfSendmsg.o
qsfRaiseAppErr.o
qsfUserID.o
qsfSessionID.o
qsfUserName.o
qsfMCount.o
qsfMDelete.o
qsfMExists.o
qsfMFirst.o
qsfMLast.o
qsfMNext.o
qsfMPrior.o
qsfSleep.o
qsfERegister.o
qsfEWaitOne.o
qsfEWaitAny.o
qsfESignal.o
qsfESetDefaults.o
qsfERemoveAll.o
qsfERemove.o
qsv.o
qsvProcStmts.o
qsvEnv.o
qsvCursor.o
qsvProcVar.o
qsvProcType.o
qsvRefCursor.o
qso.o
qsoProcStmts.o
qsx.o
qsxProc.o
qsxRelatedProc.o
qsxTemplatePool.o
qsxEnv.o
qsxExecutor.o
qsxUtil.o
qsxCursor.o
qsxArray.o
qsxAvl.o
qsxRefCursor.o
qdpGrant.o
qdpRevoke.o
qdpDrop.o
qdpPrivilege.o
qdtCommon.o
qdtCreate.o
qdtAlter.o
qdtDrop.o
qtc.o
qtcAssign.o
qtcColumn.o
qtcDnf_not.o
qtcIndirect.o
qtcSkip.o
qtcSubquery.o
qtcValue.o
qtcPass.o
qtcConstantWrapper.o
qtcSubqueryWrapper.o
qtcSpFunctionCall.o
qtcSpCursor.o
qtcSpCursorFound.o
qtcSpCursorNotFound.o
qtcSpCursorIsOpen.o
qtcSpCursorIsNotOpen.o
qtcSpCursorRowCount.o
qtcSpSqlCode.o
qtcSpSqlErrm.o
qtcSpRowType.o
qtcSpArrType.o
qtcSpRefCurType.o
qrc.o
qdq.o
rpistub.o
stistub.o
lkistub.o
mmcConv.o
mmcConvFmMT.o
mmcConvNumeric.o
mmcLob.o
mmcSession.o
mmcStatement.o
mmcStatementBegin.o
mmcStatementExecute.o
mmcStatementManager.o
mmcTask.o
mmcTrans.o
mmcEventManager.o
mmcPCB.o
mmcParentPCO.o
mmcChildPCO.o
mmcSQLTextHash.o
mmcPlanCache.o
mmcPlanCacheLRUList.o
mmdManager.o
mmdXa.o
mmdXid.o
mmdXidManager.o
mmdLinkManager.o
mmm.o
mmmDescInit.o
mmmDescPreProcess.o
mmmDescProcess.o
mmmDescControl.o
mmmDescMeta.o
mmmDescService.o
mmmDescShutdown.o
mmmActBeginControl.o
mmmActBeginMeta.o
mmmActBeginPreProcess.o
mmmActBeginProcess.o
mmmActBeginService.o
mmmActBeginShutdown.o
mmmActCallback.o
mmmActCheckEnv.o
mmmActCheckIdeTSD.o
mmmActCheckLicense.o
mmmActDaemon.o
mmmActEndControl.o
mmmActEndMeta.o
mmmActEndPreProcess.o
mmmActEndProcess.o
mmmActEndService.o
mmmActEndShutdown.o
mmmActFixedTable.o
mmmActInitBootMsgLog.o
mmmActInitCM.o
mmmActInitGPKI.o
mmmActInitLockFile.o
mmmActInitMMX.o
mmmActInitMT.o
mmmActInitMemoryMgr.o
mmmActInitModuleMsgLog.o
mmmActInitNLS.o
mmmActInitOS.o
mmmActInitQP.o
mmmActInitREPL.o
mmmActInitSM.o
mmmActInitSNMP.o
mmmActInitService.o
mmmActInitThreadManager.o
mmmActInitXA.o
mmmActInitQueryProfile.o
mmmActInitLK.o
mmmActLoadMsb.o
mmmActPreallocMemory.o
mmmActProperty.o
mmmActShutdownCM.o
mmmActShutdownEND.o
mmmActShutdownFixedTable.o
mmmActShutdownGPKI.o
mmmActShutdownMMX.o
mmmActShutdownMT.o
mmmActShutdownPrepare.o
mmmActShutdownQP.o
mmmActShutdownREPL.o
mmmActShutdownSM.o
mmmActShutdownSNMP.o
mmmActShutdownService.o
mmmActShutdownTimer.o
mmmActShutdownXA.o
mmmActShutdownQueryProfile.o
mmmActShutdownLK.o
mmmActSignal.o
mmmActSystemUpTime.o
mmmActPIDInfo.o
mmmActTimer.o
mmmActVersionInfo.o
mmmActWaitAdmin.o
mmqManager.o
mmqQueueInfo.o
mmtAdminManager.o
mmtSessionManager.o
mmtThreadManager.o
mmtDispatcher.o
mmtServiceThread.o
mmtCmsAdmin.o
mmtCmsBind.o
mmtCmsConnection.o
mmtCmsControl.o
mmtCmsCreateDB.o
mmtCmsDropDB.o
mmtCmsError.o
mmtCmsExecute.o
mmtCmsFetch.o
mmtCmsLob.o
mmtCmsPrepare.o
mmtCmsXa.o
mmtInternalSql.o
mmi.o
mmuDump.o
mmuFixedTable.o
mmuServerStat.o
mmuOS.o
mmuTraceCode.o
mmuProperty.o
mmwService.o
ulnPrepare.o
ulnURL.o
ulnConnString.o
ulnConnAttribute.o
ulnDbc.o
ulnSetConnectAttr.o
ulnGetConnectAttr.o
ulnConnectCore.o
ulnDriverConnect.o
ulnConnect.o
ulnDisconnect.o
ulnConv.o
ulnConvDate.o
ulnConvBit.o
ulnConvChar.o
ulnConvNumeric.o
ulnConvToCHAR.o
ulnConvToULONG.o
ulnConvToSLONG.o
ulnConvToUSHORT.o
ulnConvToSSHORT.o
ulnConvToUTINYINT.o
ulnConvToSTINYINT.o
ulnConvToUBIGINT.o
ulnConvToSBIGINT.o
ulnConvToBIT.o
ulnConvToFLOAT.o
ulnConvToDOUBLE.o
ulnConvToBINARY.o
ulnConvToDATE.o
ulnConvToTIME.o
ulnConvToTIMESTAMP.o
ulnConvToNUMERIC.o
ulnConvToLOCATOR.o
ulnConvToFILE.o
ulnColAttribute.o
ulnGetPlan.o
ulnCloseCursor.o
ulnCache.o
ulnFileLob.o
ulnBindCommon.o
ulnBindData.o
ulnBindParamDataIn.o
ulnBindParamDataInBuildAny.o
ulnBindInfo.o
ulnTypes.o
ulnData.o
ulnMeta.o
ulnCommunication.o
ulnServerMessage.o
ulnNumResultCols.o
ulnNumParams.o
ulnAllocHandle.o
ulnBindCol.o
ulnBindParameter.o
ulnDesc.o
ulnDescRec.o
ulnDiagnostic.o
ulnEnv.o
ulnError.o
ulnFreeHandle.o
ulnFreeStmt.o
ulnGetDiagField.o
ulnGetDiagRec.o
ulnInit.o
ulnObject.o
ulnSetDescRec.o
ulnGetDescRec.o
ulnSetDescField.o
ulnGetDescField.o
ulnGetEnvAttr.o
ulnSetEnvAttr.o
ulnStateMachine.o
ulnStmt.o
ulnEscape.o
ulnDescribeCol.o
ulnDescribeParam.o
ulnExecute.o
ulnCursor.o
ulnFetch.o
ulnFetchOp.o
ulnFetchScroll.o
ulnFetchResult.o
ulnFetchCore.o
ulnExtendedFetch.o
ulnExecDirect.o
ulnRowCount.o
ulnSetStmtAttr.o
ulnGetStmtAttr.o
ulnGetFunctions.o
ulnGetTypeInfo.o
ulnCatalogFunctions.o
ulnTables.o
ulnColumns.o
ulnStatistics.o
ulnPrimaryKeys.o
ulnProcedureColumns.o
ulnProcedures.o
ulnSpecialColumns.o
ulnForeignKeys.o
ulnTablePrivileges.o
ulnEndTran.o
ulnGetInfo.o
ulnLob.o
ulnGetLobLength.o
ulnGetLob.o
ulnPutLob.o
ulnFreeLob.o
ulnPutData.o
ulnPDContext.o
ulnParamData.o
ulnBindFileToParam.o
ulnBindFileToCol.o
ulnGetData.o
ulnSetPos.o
ulnTrace.o
ulnSetScrollOptions.o
ulnMoreResults.o
ulnNativeSql.o
ulnDebug.o
uluMemory.o
uluArray.o
uluLock.o
ulxXaConnection.o
ulxXaFunction.o
ulxXaInterface.o
ulxXaProtocol.o
ulxMsgLog.o
ulcSqlWrapper.o
ulcsCallback.o
ulcsSqlExtension.o
iduBarrier.o
iduLatchTypeNative.o
iduMutexEntryNative.o
iduMutexEntryNative_client.o
idvTimeGetClock.o
mount.o
main.o
trace.o
createdb.o
destroydb.o
snprintf.o
ifs.o
