.:
admin
arch_logs
audit
bin
conf
dbs
include
install
lib
logs
msg
sample
trc

./admin:
dumpReplScript.sql
install_proc.sh
showProcBody.sql
showProcedures.sql
showReplications.sql
showTables.sql

./arch_logs:

./audit:

./bin:
aexport
altibase
altibase.map
altidump
altierr
altimon.sh
altimon_sms.sh
altimon_upload.sh
altipasswd
audit
checkServer
checkipc
dbStatus
dump_stack.sh
dumpdf
dumpla
dumplf
il
il.bat
iloader
is
is.bat
isql
killCheckServer
relink
server
server.bat
sesc
shmutil

./conf:
aexport.properties
altibase.properties

./dbs:

./include:
AltibaseCli.h
abc_time.h
idConfig.h
idTypes.h
ses.h
sesMultiThread.h
sql.h
sqlcli.h
sqlext.h
sqltypes.h
sqlucode.h

./install:
README
altibase_env.mk

./lib:
Altibase.jar
altibase.o
checkServer.o
checkServerPid.o
jdbc2_0-stdext.jar
jta-spec1_0_1.jar
killCheckServer.o
libaltibase_odbc.so
libaltiutil.a
libatAtb.so
libatDb.so
libatTxt.so
libcmProtocolIPC.so
libid.a
libiloaderobj.a
libispapi.a
libisqlobj.a
libmm.a
libmt.a
libodbccli.a
libodbccli_sl.so
libpd.a
libqp.a
libsesc.a
libsescobj.a
libsm.a
nsp.exp
shmutil.o
tablesize.o

./logs:

./msg:
E_ID_KO16KSC5601.msb
E_ID_US7ASCII.msb
E_MM_KO16KSC5601.msb
E_MM_US7ASCII.msb
E_MT_KO16KSC5601.msb
E_MT_US7ASCII.msb
E_QP_KO16KSC5601.msb
E_QP_US7ASCII.msb
E_RP_KO16KSC5601.msb
E_RP_US7ASCII.msb
E_SM_KO16KSC5601.msb
E_SM_US7ASCII.msb
E_LK_KO16KSC5601.msb
E_LK_US7ASCII.msb
ILOADER.ban
ISQL.ban
SESC.ban
manual.txt

./sample:
JdbcTest.java
JdbcTest.mk
SESC
SQLCLI

./sample/SESC:
Makefile
argument.sc
arrays1.sc
arrays2.sc
binary.sc
connect1.sc
connect2.sc
cursor1.sc
cursor2.sc
date.sc
delete.sc
dynamic1.sc
dynamic2.sc
dynamic3.sc
free.sc
include
indicator.sc
insert.sc
mc1.sc
mc2.sc
mc3.sc
mt1.sc
mt2.sc
pointer.sc
psm1.sc
psm2.sc
runtime_error_check.sc
schema
select.sc
update.sc
varchar.sc
whenever1.sc
whenever2.sc

./sample/SESC/include:
hostvar.h

./sample/SESC/schema:
schema.sql

./sample/SQLCLI:
Makefile
README
demo_dead.cpp
demo_ex1.cpp
demo_ex1.sql
demo_ex2.cpp
demo_ex2.sql
demo_ex3.cpp
demo_ex3.sql
demo_ex4.cpp
demo_ex4.sql
demo_ex5.cpp
demo_ex5.sql
demo_ex6.cpp
demo_ex6.sql
demo_info1.cpp
demo_info2.cpp
demo_meta1.cpp
demo_meta10.cpp
demo_meta10.sql
demo_meta2.cpp
demo_meta2.sql
demo_meta3.cpp
demo_meta3.sql
demo_meta4.cpp
demo_meta4.sql
demo_meta5.cpp
demo_meta5.sql
demo_meta6.cpp
demo_meta6.sql
demo_meta7.cpp
demo_meta7.sql
demo_meta8.cpp
demo_meta8.sql
demo_meta9.cpp
demo_meta9.sql
demo_mt.cpp
demo_plan.cpp
demo_plan.sql
demo_rtl.cpp
demo_rtl.sql
demo_tran1.cpp
demo_tran1.sql
demo_tran2.cpp
demo_tran2.sql
failovertest.cpp
pooltest.cpp

./trc:
